#-----------------------------------------------------------
# Vivado v2024.1 (64-bit)
# SW Build 5076996 on Wed May 22 18:37:14 MDT 2024
# IP Build 5075265 on Wed May 22 21:45:21 MDT 2024
# SharedData Build 5076995 on Wed May 22 18:29:18 MDT 2024
# Start of session at: Tue Mar 25 11:31:05 2025
# Process ID: 191248
# Current directory: D:/GiaPhuc/Project_1/Dense_0/FC_64/FC_64.runs/synth_1
# Command line: vivado.exe -log FC_64_bd_wrapper.vds -product Vivado -mode batch -messageDb vivado.pb -notrace -source FC_64_bd_wrapper.tcl
# Log file: D:/GiaPhuc/Project_1/Dense_0/FC_64/FC_64.runs/synth_1/FC_64_bd_wrapper.vds
# Journal file: D:/GiaPhuc/Project_1/Dense_0/FC_64/FC_64.runs/synth_1\vivado.jou
# Running On        :DESKTOP-R9-7945HX
# Platform          :Windows Server 2016 or Windows 10
# Operating System  :22631
# Processor Detail  :AMD Ryzen 9 7945HX with Radeon Graphics        
# CPU Frequency     :2495 MHz
# CPU Physical cores:16
# CPU Logical cores :32
# Host memory       :16308 MB
# Swap memory       :16106 MB
# Total Virtual     :32414 MB
# Available Virtual :6228 MB
#-----------------------------------------------------------
source FC_64_bd_wrapper.tcl -notrace
