Copyright 1986-2022 Xilinx, Inc. All Rights Reserved. Copyright 2022-2024 Advanced Micro Devices, Inc. All Rights Reserved.
---------------------------------------------------------------------------------------------------------------------------------------------
| Tool Version : Vivado v.2024.1 (win64) Build 5076996 Wed May 22 18:37:14 MDT 2024
| Date         : Tue Mar 25 11:39:20 2025
| Host         : DESKTOP-R9-7945HX running 64-bit major release  (build 9200)
| Command      : report_drc -file FC_64_bd_wrapper_drc_opted.rpt -pb FC_64_bd_wrapper_drc_opted.pb -rpx FC_64_bd_wrapper_drc_opted.rpx
| Design       : FC_64_bd_wrapper
| Device       : xck26-sfvc784-2LV-c
| Speed File   : -2LV
| Design State : Synthesized
---------------------------------------------------------------------------------------------------------------------------------------------

Report DRC

Table of Contents
-----------------
1. REPORT SUMMARY
2. REPORT DETAILS

1. REPORT SUMMARY
-----------------
            Netlist: netlist
          Floorplan: design_1
      Design limits: <entire design considered>
           Ruledeck: default
             Max violations: <unlimited>
             Violations found: 48
+--------+----------+------------------------+------------+
| Rule   | Severity | Description            | Violations |
+--------+----------+------------------------+------------+
| DPIP-2 | Warning  | Input pipelining       | 32         |
| DPOP-4 | Warning  | MREG Output pipelining | 16         |
+--------+----------+------------------------+------------+

2. REPORT DETAILS
-----------------
DPIP-2#1 Warning
Input pipelining  
DSP FC_64_bd_i/FC_64_IP_0/inst/FC_64_IP_slave_lite_v1_0_S01_AXI_inst/td/dtp/PU_array/PU_instances[0].PU_mul_add/mul/mult/U0/i_mult/gDSP.gDSP_only.iDSP/inferred_dsp.reg_mult.m_reg_reg input FC_64_bd_i/FC_64_IP_0/inst/FC_64_IP_slave_lite_v1_0_S01_AXI_inst/td/dtp/PU_array/PU_instances[0].PU_mul_add/mul/mult/U0/i_mult/gDSP.gDSP_only.iDSP/inferred_dsp.reg_mult.m_reg_reg/A[29:0] is not pipelined. Pipelining DSP48 input will improve performance.
Related violations: <none>

DPIP-2#2 Warning
Input pipelining  
DSP FC_64_bd_i/FC_64_IP_0/inst/FC_64_IP_slave_lite_v1_0_S01_AXI_inst/td/dtp/PU_array/PU_instances[0].PU_mul_add/mul/mult/U0/i_mult/gDSP.gDSP_only.iDSP/inferred_dsp.reg_mult.m_reg_reg input FC_64_bd_i/FC_64_IP_0/inst/FC_64_IP_slave_lite_v1_0_S01_AXI_inst/td/dtp/PU_array/PU_instances[0].PU_mul_add/mul/mult/U0/i_mult/gDSP.gDSP_only.iDSP/inferred_dsp.reg_mult.m_reg_reg/B[17:0] is not pipelined. Pipelining DSP48 input will improve performance.
Related violations: <none>

DPIP-2#3 Warning
Input pipelining  
DSP FC_64_bd_i/FC_64_IP_0/inst/FC_64_IP_slave_lite_v1_0_S01_AXI_inst/td/dtp/PU_array/PU_instances[10].PU_mul_add/mul/mult/U0/i_mult/gDSP.gDSP_only.iDSP/inferred_dsp.reg_mult.m_reg_reg input FC_64_bd_i/FC_64_IP_0/inst/FC_64_IP_slave_lite_v1_0_S01_AXI_inst/td/dtp/PU_array/PU_instances[10].PU_mul_add/mul/mult/U0/i_mult/gDSP.gDSP_only.iDSP/inferred_dsp.reg_mult.m_reg_reg/A[29:0] is not pipelined. Pipelining DSP48 input will improve performance.
Related violations: <none>

DPIP-2#4 Warning
Input pipelining  
DSP FC_64_bd_i/FC_64_IP_0/inst/FC_64_IP_slave_lite_v1_0_S01_AXI_inst/td/dtp/PU_array/PU_instances[10].PU_mul_add/mul/mult/U0/i_mult/gDSP.gDSP_only.iDSP/inferred_dsp.reg_mult.m_reg_reg input FC_64_bd_i/FC_64_IP_0/inst/FC_64_IP_slave_lite_v1_0_S01_AXI_inst/td/dtp/PU_array/PU_instances[10].PU_mul_add/mul/mult/U0/i_mult/gDSP.gDSP_only.iDSP/inferred_dsp.reg_mult.m_reg_reg/B[17:0] is not pipelined. Pipelining DSP48 input will improve performance.
Related violations: <none>

DPIP-2#5 Warning
Input pipelining  
DSP FC_64_bd_i/FC_64_IP_0/inst/FC_64_IP_slave_lite_v1_0_S01_AXI_inst/td/dtp/PU_array/PU_instances[11].PU_mul_add/mul/mult/U0/i_mult/gDSP.gDSP_only.iDSP/inferred_dsp.reg_mult.m_reg_reg input FC_64_bd_i/FC_64_IP_0/inst/FC_64_IP_slave_lite_v1_0_S01_AXI_inst/td/dtp/PU_array/PU_instances[11].PU_mul_add/mul/mult/U0/i_mult/gDSP.gDSP_only.iDSP/inferred_dsp.reg_mult.m_reg_reg/A[29:0] is not pipelined. Pipelining DSP48 input will improve performance.
Related violations: <none>

DPIP-2#6 Warning
Input pipelining  
DSP FC_64_bd_i/FC_64_IP_0/inst/FC_64_IP_slave_lite_v1_0_S01_AXI_inst/td/dtp/PU_array/PU_instances[11].PU_mul_add/mul/mult/U0/i_mult/gDSP.gDSP_only.iDSP/inferred_dsp.reg_mult.m_reg_reg input FC_64_bd_i/FC_64_IP_0/inst/FC_64_IP_slave_lite_v1_0_S01_AXI_inst/td/dtp/PU_array/PU_instances[11].PU_mul_add/mul/mult/U0/i_mult/gDSP.gDSP_only.iDSP/inferred_dsp.reg_mult.m_reg_reg/B[17:0] is not pipelined. Pipelining DSP48 input will improve performance.
Related violations: <none>

DPIP-2#7 Warning
Input pipelining  
DSP FC_64_bd_i/FC_64_IP_0/inst/FC_64_IP_slave_lite_v1_0_S01_AXI_inst/td/dtp/PU_array/PU_instances[12].PU_mul_add/mul/mult/U0/i_mult/gDSP.gDSP_only.iDSP/inferred_dsp.reg_mult.m_reg_reg input FC_64_bd_i/FC_64_IP_0/inst/FC_64_IP_slave_lite_v1_0_S01_AXI_inst/td/dtp/PU_array/PU_instances[12].PU_mul_add/mul/mult/U0/i_mult/gDSP.gDSP_only.iDSP/inferred_dsp.reg_mult.m_reg_reg/A[29:0] is not pipelined. Pipelining DSP48 input will improve performance.
Related violations: <none>

DPIP-2#8 Warning
Input pipelining  
DSP FC_64_bd_i/FC_64_IP_0/inst/FC_64_IP_slave_lite_v1_0_S01_AXI_inst/td/dtp/PU_array/PU_instances[12].PU_mul_add/mul/mult/U0/i_mult/gDSP.gDSP_only.iDSP/inferred_dsp.reg_mult.m_reg_reg input FC_64_bd_i/FC_64_IP_0/inst/FC_64_IP_slave_lite_v1_0_S01_AXI_inst/td/dtp/PU_array/PU_instances[12].PU_mul_add/mul/mult/U0/i_mult/gDSP.gDSP_only.iDSP/inferred_dsp.reg_mult.m_reg_reg/B[17:0] is not pipelined. Pipelining DSP48 input will improve performance.
Related violations: <none>

DPIP-2#9 Warning
Input pipelining  
DSP FC_64_bd_i/FC_64_IP_0/inst/FC_64_IP_slave_lite_v1_0_S01_AXI_inst/td/dtp/PU_array/PU_instances[13].PU_mul_add/mul/mult/U0/i_mult/gDSP.gDSP_only.iDSP/inferred_dsp.reg_mult.m_reg_reg input FC_64_bd_i/FC_64_IP_0/inst/FC_64_IP_slave_lite_v1_0_S01_AXI_inst/td/dtp/PU_array/PU_instances[13].PU_mul_add/mul/mult/U0/i_mult/gDSP.gDSP_only.iDSP/inferred_dsp.reg_mult.m_reg_reg/A[29:0] is not pipelined. Pipelining DSP48 input will improve performance.
Related violations: <none>

DPIP-2#10 Warning
Input pipelining  
DSP FC_64_bd_i/FC_64_IP_0/inst/FC_64_IP_slave_lite_v1_0_S01_AXI_inst/td/dtp/PU_array/PU_instances[13].PU_mul_add/mul/mult/U0/i_mult/gDSP.gDSP_only.iDSP/inferred_dsp.reg_mult.m_reg_reg input FC_64_bd_i/FC_64_IP_0/inst/FC_64_IP_slave_lite_v1_0_S01_AXI_inst/td/dtp/PU_array/PU_instances[13].PU_mul_add/mul/mult/U0/i_mult/gDSP.gDSP_only.iDSP/inferred_dsp.reg_mult.m_reg_reg/B[17:0] is not pipelined. Pipelining DSP48 input will improve performance.
Related violations: <none>

DPIP-2#11 Warning
Input pipelining  
DSP FC_64_bd_i/FC_64_IP_0/inst/FC_64_IP_slave_lite_v1_0_S01_AXI_inst/td/dtp/PU_array/PU_instances[14].PU_mul_add/mul/mult/U0/i_mult/gDSP.gDSP_only.iDSP/inferred_dsp.reg_mult.m_reg_reg input FC_64_bd_i/FC_64_IP_0/inst/FC_64_IP_slave_lite_v1_0_S01_AXI_inst/td/dtp/PU_array/PU_instances[14].PU_mul_add/mul/mult/U0/i_mult/gDSP.gDSP_only.iDSP/inferred_dsp.reg_mult.m_reg_reg/A[29:0] is not pipelined. Pipelining DSP48 input will improve performance.
Related violations: <none>

DPIP-2#12 Warning
Input pipelining  
DSP FC_64_bd_i/FC_64_IP_0/inst/FC_64_IP_slave_lite_v1_0_S01_AXI_inst/td/dtp/PU_array/PU_instances[14].PU_mul_add/mul/mult/U0/i_mult/gDSP.gDSP_only.iDSP/inferred_dsp.reg_mult.m_reg_reg input FC_64_bd_i/FC_64_IP_0/inst/FC_64_IP_slave_lite_v1_0_S01_AXI_inst/td/dtp/PU_array/PU_instances[14].PU_mul_add/mul/mult/U0/i_mult/gDSP.gDSP_only.iDSP/inferred_dsp.reg_mult.m_reg_reg/B[17:0] is not pipelined. Pipelining DSP48 input will improve performance.
Related violations: <none>

DPIP-2#13 Warning
Input pipelining  
DSP FC_64_bd_i/FC_64_IP_0/inst/FC_64_IP_slave_lite_v1_0_S01_AXI_inst/td/dtp/PU_array/PU_instances[15].PU_mul_add/mul/mult/U0/i_mult/gDSP.gDSP_only.iDSP/inferred_dsp.reg_mult.m_reg_reg input FC_64_bd_i/FC_64_IP_0/inst/FC_64_IP_slave_lite_v1_0_S01_AXI_inst/td/dtp/PU_array/PU_instances[15].PU_mul_add/mul/mult/U0/i_mult/gDSP.gDSP_only.iDSP/inferred_dsp.reg_mult.m_reg_reg/A[29:0] is not pipelined. Pipelining DSP48 input will improve performance.
Related violations: <none>

DPIP-2#14 Warning
Input pipelining  
DSP FC_64_bd_i/FC_64_IP_0/inst/FC_64_IP_slave_lite_v1_0_S01_AXI_inst/td/dtp/PU_array/PU_instances[15].PU_mul_add/mul/mult/U0/i_mult/gDSP.gDSP_only.iDSP/inferred_dsp.reg_mult.m_reg_reg input FC_64_bd_i/FC_64_IP_0/inst/FC_64_IP_slave_lite_v1_0_S01_AXI_inst/td/dtp/PU_array/PU_instances[15].PU_mul_add/mul/mult/U0/i_mult/gDSP.gDSP_only.iDSP/inferred_dsp.reg_mult.m_reg_reg/B[17:0] is not pipelined. Pipelining DSP48 input will improve performance.
Related violations: <none>

DPIP-2#15 Warning
Input pipelining  
DSP FC_64_bd_i/FC_64_IP_0/inst/FC_64_IP_slave_lite_v1_0_S01_AXI_inst/td/dtp/PU_array/PU_instances[1].PU_mul_add/mul/mult/U0/i_mult/gDSP.gDSP_only.iDSP/inferred_dsp.reg_mult.m_reg_reg input FC_64_bd_i/FC_64_IP_0/inst/FC_64_IP_slave_lite_v1_0_S01_AXI_inst/td/dtp/PU_array/PU_instances[1].PU_mul_add/mul/mult/U0/i_mult/gDSP.gDSP_only.iDSP/inferred_dsp.reg_mult.m_reg_reg/A[29:0] is not pipelined. Pipelining DSP48 input will improve performance.
Related violations: <none>

DPIP-2#16 Warning
Input pipelining  
DSP FC_64_bd_i/FC_64_IP_0/inst/FC_64_IP_slave_lite_v1_0_S01_AXI_inst/td/dtp/PU_array/PU_instances[1].PU_mul_add/mul/mult/U0/i_mult/gDSP.gDSP_only.iDSP/inferred_dsp.reg_mult.m_reg_reg input FC_64_bd_i/FC_64_IP_0/inst/FC_64_IP_slave_lite_v1_0_S01_AXI_inst/td/dtp/PU_array/PU_instances[1].PU_mul_add/mul/mult/U0/i_mult/gDSP.gDSP_only.iDSP/inferred_dsp.reg_mult.m_reg_reg/B[17:0] is not pipelined. Pipelining DSP48 input will improve performance.
Related violations: <none>

DPIP-2#17 Warning
Input pipelining  
DSP FC_64_bd_i/FC_64_IP_0/inst/FC_64_IP_slave_lite_v1_0_S01_AXI_inst/td/dtp/PU_array/PU_instances[2].PU_mul_add/mul/mult/U0/i_mult/gDSP.gDSP_only.iDSP/inferred_dsp.reg_mult.m_reg_reg input FC_64_bd_i/FC_64_IP_0/inst/FC_64_IP_slave_lite_v1_0_S01_AXI_inst/td/dtp/PU_array/PU_instances[2].PU_mul_add/mul/mult/U0/i_mult/gDSP.gDSP_only.iDSP/inferred_dsp.reg_mult.m_reg_reg/A[29:0] is not pipelined. Pipelining DSP48 input will improve performance.
Related violations: <none>

DPIP-2#18 Warning
Input pipelining  
DSP FC_64_bd_i/FC_64_IP_0/inst/FC_64_IP_slave_lite_v1_0_S01_AXI_inst/td/dtp/PU_array/PU_instances[2].PU_mul_add/mul/mult/U0/i_mult/gDSP.gDSP_only.iDSP/inferred_dsp.reg_mult.m_reg_reg input FC_64_bd_i/FC_64_IP_0/inst/FC_64_IP_slave_lite_v1_0_S01_AXI_inst/td/dtp/PU_array/PU_instances[2].PU_mul_add/mul/mult/U0/i_mult/gDSP.gDSP_only.iDSP/inferred_dsp.reg_mult.m_reg_reg/B[17:0] is not pipelined. Pipelining DSP48 input will improve performance.
Related violations: <none>

DPIP-2#19 Warning
Input pipelining  
DSP FC_64_bd_i/FC_64_IP_0/inst/FC_64_IP_slave_lite_v1_0_S01_AXI_inst/td/dtp/PU_array/PU_instances[3].PU_mul_add/mul/mult/U0/i_mult/gDSP.gDSP_only.iDSP/inferred_dsp.reg_mult.m_reg_reg input FC_64_bd_i/FC_64_IP_0/inst/FC_64_IP_slave_lite_v1_0_S01_AXI_inst/td/dtp/PU_array/PU_instances[3].PU_mul_add/mul/mult/U0/i_mult/gDSP.gDSP_only.iDSP/inferred_dsp.reg_mult.m_reg_reg/A[29:0] is not pipelined. Pipelining DSP48 input will improve performance.
Related violations: <none>

DPIP-2#20 Warning
Input pipelining  
DSP FC_64_bd_i/FC_64_IP_0/inst/FC_64_IP_slave_lite_v1_0_S01_AXI_inst/td/dtp/PU_array/PU_instances[3].PU_mul_add/mul/mult/U0/i_mult/gDSP.gDSP_only.iDSP/inferred_dsp.reg_mult.m_reg_reg input FC_64_bd_i/FC_64_IP_0/inst/FC_64_IP_slave_lite_v1_0_S01_AXI_inst/td/dtp/PU_array/PU_instances[3].PU_mul_add/mul/mult/U0/i_mult/gDSP.gDSP_only.iDSP/inferred_dsp.reg_mult.m_reg_reg/B[17:0] is not pipelined. Pipelining DSP48 input will improve performance.
Related violations: <none>

DPIP-2#21 Warning
Input pipelining  
DSP FC_64_bd_i/FC_64_IP_0/inst/FC_64_IP_slave_lite_v1_0_S01_AXI_inst/td/dtp/PU_array/PU_instances[4].PU_mul_add/mul/mult/U0/i_mult/gDSP.gDSP_only.iDSP/inferred_dsp.reg_mult.m_reg_reg input FC_64_bd_i/FC_64_IP_0/inst/FC_64_IP_slave_lite_v1_0_S01_AXI_inst/td/dtp/PU_array/PU_instances[4].PU_mul_add/mul/mult/U0/i_mult/gDSP.gDSP_only.iDSP/inferred_dsp.reg_mult.m_reg_reg/A[29:0] is not pipelined. Pipelining DSP48 input will improve performance.
Related violations: <none>

DPIP-2#22 Warning
Input pipelining  
DSP FC_64_bd_i/FC_64_IP_0/inst/FC_64_IP_slave_lite_v1_0_S01_AXI_inst/td/dtp/PU_array/PU_instances[4].PU_mul_add/mul/mult/U0/i_mult/gDSP.gDSP_only.iDSP/inferred_dsp.reg_mult.m_reg_reg input FC_64_bd_i/FC_64_IP_0/inst/FC_64_IP_slave_lite_v1_0_S01_AXI_inst/td/dtp/PU_array/PU_instances[4].PU_mul_add/mul/mult/U0/i_mult/gDSP.gDSP_only.iDSP/inferred_dsp.reg_mult.m_reg_reg/B[17:0] is not pipelined. Pipelining DSP48 input will improve performance.
Related violations: <none>

DPIP-2#23 Warning
Input pipelining  
DSP FC_64_bd_i/FC_64_IP_0/inst/FC_64_IP_slave_lite_v1_0_S01_AXI_inst/td/dtp/PU_array/PU_instances[5].PU_mul_add/mul/mult/U0/i_mult/gDSP.gDSP_only.iDSP/inferred_dsp.reg_mult.m_reg_reg input FC_64_bd_i/FC_64_IP_0/inst/FC_64_IP_slave_lite_v1_0_S01_AXI_inst/td/dtp/PU_array/PU_instances[5].PU_mul_add/mul/mult/U0/i_mult/gDSP.gDSP_only.iDSP/inferred_dsp.reg_mult.m_reg_reg/A[29:0] is not pipelined. Pipelining DSP48 input will improve performance.
Related violations: <none>

DPIP-2#24 Warning
Input pipelining  
DSP FC_64_bd_i/FC_64_IP_0/inst/FC_64_IP_slave_lite_v1_0_S01_AXI_inst/td/dtp/PU_array/PU_instances[5].PU_mul_add/mul/mult/U0/i_mult/gDSP.gDSP_only.iDSP/inferred_dsp.reg_mult.m_reg_reg input FC_64_bd_i/FC_64_IP_0/inst/FC_64_IP_slave_lite_v1_0_S01_AXI_inst/td/dtp/PU_array/PU_instances[5].PU_mul_add/mul/mult/U0/i_mult/gDSP.gDSP_only.iDSP/inferred_dsp.reg_mult.m_reg_reg/B[17:0] is not pipelined. Pipelining DSP48 input will improve performance.
Related violations: <none>

DPIP-2#25 Warning
Input pipelining  
DSP FC_64_bd_i/FC_64_IP_0/inst/FC_64_IP_slave_lite_v1_0_S01_AXI_inst/td/dtp/PU_array/PU_instances[6].PU_mul_add/mul/mult/U0/i_mult/gDSP.gDSP_only.iDSP/inferred_dsp.reg_mult.m_reg_reg input FC_64_bd_i/FC_64_IP_0/inst/FC_64_IP_slave_lite_v1_0_S01_AXI_inst/td/dtp/PU_array/PU_instances[6].PU_mul_add/mul/mult/U0/i_mult/gDSP.gDSP_only.iDSP/inferred_dsp.reg_mult.m_reg_reg/A[29:0] is not pipelined. Pipelining DSP48 input will improve performance.
Related violations: <none>

DPIP-2#26 Warning
Input pipelining  
DSP FC_64_bd_i/FC_64_IP_0/inst/FC_64_IP_slave_lite_v1_0_S01_AXI_inst/td/dtp/PU_array/PU_instances[6].PU_mul_add/mul/mult/U0/i_mult/gDSP.gDSP_only.iDSP/inferred_dsp.reg_mult.m_reg_reg input FC_64_bd_i/FC_64_IP_0/inst/FC_64_IP_slave_lite_v1_0_S01_AXI_inst/td/dtp/PU_array/PU_instances[6].PU_mul_add/mul/mult/U0/i_mult/gDSP.gDSP_only.iDSP/inferred_dsp.reg_mult.m_reg_reg/B[17:0] is not pipelined. Pipelining DSP48 input will improve performance.
Related violations: <none>

DPIP-2#27 Warning
Input pipelining  
DSP FC_64_bd_i/FC_64_IP_0/inst/FC_64_IP_slave_lite_v1_0_S01_AXI_inst/td/dtp/PU_array/PU_instances[7].PU_mul_add/mul/mult/U0/i_mult/gDSP.gDSP_only.iDSP/inferred_dsp.reg_mult.m_reg_reg input FC_64_bd_i/FC_64_IP_0/inst/FC_64_IP_slave_lite_v1_0_S01_AXI_inst/td/dtp/PU_array/PU_instances[7].PU_mul_add/mul/mult/U0/i_mult/gDSP.gDSP_only.iDSP/inferred_dsp.reg_mult.m_reg_reg/A[29:0] is not pipelined. Pipelining DSP48 input will improve performance.
Related violations: <none>

DPIP-2#28 Warning
Input pipelining  
DSP FC_64_bd_i/FC_64_IP_0/inst/FC_64_IP_slave_lite_v1_0_S01_AXI_inst/td/dtp/PU_array/PU_instances[7].PU_mul_add/mul/mult/U0/i_mult/gDSP.gDSP_only.iDSP/inferred_dsp.reg_mult.m_reg_reg input FC_64_bd_i/FC_64_IP_0/inst/FC_64_IP_slave_lite_v1_0_S01_AXI_inst/td/dtp/PU_array/PU_instances[7].PU_mul_add/mul/mult/U0/i_mult/gDSP.gDSP_only.iDSP/inferred_dsp.reg_mult.m_reg_reg/B[17:0] is not pipelined. Pipelining DSP48 input will improve performance.
Related violations: <none>

DPIP-2#29 Warning
Input pipelining  
DSP FC_64_bd_i/FC_64_IP_0/inst/FC_64_IP_slave_lite_v1_0_S01_AXI_inst/td/dtp/PU_array/PU_instances[8].PU_mul_add/mul/mult/U0/i_mult/gDSP.gDSP_only.iDSP/inferred_dsp.reg_mult.m_reg_reg input FC_64_bd_i/FC_64_IP_0/inst/FC_64_IP_slave_lite_v1_0_S01_AXI_inst/td/dtp/PU_array/PU_instances[8].PU_mul_add/mul/mult/U0/i_mult/gDSP.gDSP_only.iDSP/inferred_dsp.reg_mult.m_reg_reg/A[29:0] is not pipelined. Pipelining DSP48 input will improve performance.
Related violations: <none>

DPIP-2#30 Warning
Input pipelining  
DSP FC_64_bd_i/FC_64_IP_0/inst/FC_64_IP_slave_lite_v1_0_S01_AXI_inst/td/dtp/PU_array/PU_instances[8].PU_mul_add/mul/mult/U0/i_mult/gDSP.gDSP_only.iDSP/inferred_dsp.reg_mult.m_reg_reg input FC_64_bd_i/FC_64_IP_0/inst/FC_64_IP_slave_lite_v1_0_S01_AXI_inst/td/dtp/PU_array/PU_instances[8].PU_mul_add/mul/mult/U0/i_mult/gDSP.gDSP_only.iDSP/inferred_dsp.reg_mult.m_reg_reg/B[17:0] is not pipelined. Pipelining DSP48 input will improve performance.
Related violations: <none>

DPIP-2#31 Warning
Input pipelining  
DSP FC_64_bd_i/FC_64_IP_0/inst/FC_64_IP_slave_lite_v1_0_S01_AXI_inst/td/dtp/PU_array/PU_instances[9].PU_mul_add/mul/mult/U0/i_mult/gDSP.gDSP_only.iDSP/inferred_dsp.reg_mult.m_reg_reg input FC_64_bd_i/FC_64_IP_0/inst/FC_64_IP_slave_lite_v1_0_S01_AXI_inst/td/dtp/PU_array/PU_instances[9].PU_mul_add/mul/mult/U0/i_mult/gDSP.gDSP_only.iDSP/inferred_dsp.reg_mult.m_reg_reg/A[29:0] is not pipelined. Pipelining DSP48 input will improve performance.
Related violations: <none>

DPIP-2#32 Warning
Input pipelining  
DSP FC_64_bd_i/FC_64_IP_0/inst/FC_64_IP_slave_lite_v1_0_S01_AXI_inst/td/dtp/PU_array/PU_instances[9].PU_mul_add/mul/mult/U0/i_mult/gDSP.gDSP_only.iDSP/inferred_dsp.reg_mult.m_reg_reg input FC_64_bd_i/FC_64_IP_0/inst/FC_64_IP_slave_lite_v1_0_S01_AXI_inst/td/dtp/PU_array/PU_instances[9].PU_mul_add/mul/mult/U0/i_mult/gDSP.gDSP_only.iDSP/inferred_dsp.reg_mult.m_reg_reg/B[17:0] is not pipelined. Pipelining DSP48 input will improve performance.
Related violations: <none>

DPOP-4#1 Warning
MREG Output pipelining  
DSP FC_64_bd_i/FC_64_IP_0/inst/FC_64_IP_slave_lite_v1_0_S01_AXI_inst/td/dtp/PU_array/PU_instances[0].PU_mul_add/mul/mult/U0/i_mult/gDSP.gDSP_only.iDSP/inferred_dsp.reg_mult.m_reg_reg multiplier stage FC_64_bd_i/FC_64_IP_0/inst/FC_64_IP_slave_lite_v1_0_S01_AXI_inst/td/dtp/PU_array/PU_instances[0].PU_mul_add/mul/mult/U0/i_mult/gDSP.gDSP_only.iDSP/inferred_dsp.reg_mult.m_reg_reg/P[47:0] is not pipelined (MREG=0). Pipelining the multiplier function will improve performance and will save significant power so it is suggested whenever possible to fully pipeline this function.  If this multiplier was inferred, it is suggested to describe an additional register stage after this function.  If there is no registered adder/accumulator following the multiply function, two pipeline stages are suggested to allow both the MREG and PREG registers to be used.  If the DSP48 was instantiated in the design, it is suggested to set both the MREG and PREG attributes to 1 when performing multiply functions.
Related violations: <none>

DPOP-4#2 Warning
MREG Output pipelining  
DSP FC_64_bd_i/FC_64_IP_0/inst/FC_64_IP_slave_lite_v1_0_S01_AXI_inst/td/dtp/PU_array/PU_instances[10].PU_mul_add/mul/mult/U0/i_mult/gDSP.gDSP_only.iDSP/inferred_dsp.reg_mult.m_reg_reg multiplier stage FC_64_bd_i/FC_64_IP_0/inst/FC_64_IP_slave_lite_v1_0_S01_AXI_inst/td/dtp/PU_array/PU_instances[10].PU_mul_add/mul/mult/U0/i_mult/gDSP.gDSP_only.iDSP/inferred_dsp.reg_mult.m_reg_reg/P[47:0] is not pipelined (MREG=0). Pipelining the multiplier function will improve performance and will save significant power so it is suggested whenever possible to fully pipeline this function.  If this multiplier was inferred, it is suggested to describe an additional register stage after this function.  If there is no registered adder/accumulator following the multiply function, two pipeline stages are suggested to allow both the MREG and PREG registers to be used.  If the DSP48 was instantiated in the design, it is suggested to set both the MREG and PREG attributes to 1 when performing multiply functions.
Related violations: <none>

DPOP-4#3 Warning
MREG Output pipelining  
DSP FC_64_bd_i/FC_64_IP_0/inst/FC_64_IP_slave_lite_v1_0_S01_AXI_inst/td/dtp/PU_array/PU_instances[11].PU_mul_add/mul/mult/U0/i_mult/gDSP.gDSP_only.iDSP/inferred_dsp.reg_mult.m_reg_reg multiplier stage FC_64_bd_i/FC_64_IP_0/inst/FC_64_IP_slave_lite_v1_0_S01_AXI_inst/td/dtp/PU_array/PU_instances[11].PU_mul_add/mul/mult/U0/i_mult/gDSP.gDSP_only.iDSP/inferred_dsp.reg_mult.m_reg_reg/P[47:0] is not pipelined (MREG=0). Pipelining the multiplier function will improve performance and will save significant power so it is suggested whenever possible to fully pipeline this function.  If this multiplier was inferred, it is suggested to describe an additional register stage after this function.  If there is no registered adder/accumulator following the multiply function, two pipeline stages are suggested to allow both the MREG and PREG registers to be used.  If the DSP48 was instantiated in the design, it is suggested to set both the MREG and PREG attributes to 1 when performing multiply functions.
Related violations: <none>

DPOP-4#4 Warning
MREG Output pipelining  
DSP FC_64_bd_i/FC_64_IP_0/inst/FC_64_IP_slave_lite_v1_0_S01_AXI_inst/td/dtp/PU_array/PU_instances[12].PU_mul_add/mul/mult/U0/i_mult/gDSP.gDSP_only.iDSP/inferred_dsp.reg_mult.m_reg_reg multiplier stage FC_64_bd_i/FC_64_IP_0/inst/FC_64_IP_slave_lite_v1_0_S01_AXI_inst/td/dtp/PU_array/PU_instances[12].PU_mul_add/mul/mult/U0/i_mult/gDSP.gDSP_only.iDSP/inferred_dsp.reg_mult.m_reg_reg/P[47:0] is not pipelined (MREG=0). Pipelining the multiplier function will improve performance and will save significant power so it is suggested whenever possible to fully pipeline this function.  If this multiplier was inferred, it is suggested to describe an additional register stage after this function.  If there is no registered adder/accumulator following the multiply function, two pipeline stages are suggested to allow both the MREG and PREG registers to be used.  If the DSP48 was instantiated in the design, it is suggested to set both the MREG and PREG attributes to 1 when performing multiply functions.
Related violations: <none>

DPOP-4#5 Warning
MREG Output pipelining  
DSP FC_64_bd_i/FC_64_IP_0/inst/FC_64_IP_slave_lite_v1_0_S01_AXI_inst/td/dtp/PU_array/PU_instances[13].PU_mul_add/mul/mult/U0/i_mult/gDSP.gDSP_only.iDSP/inferred_dsp.reg_mult.m_reg_reg multiplier stage FC_64_bd_i/FC_64_IP_0/inst/FC_64_IP_slave_lite_v1_0_S01_AXI_inst/td/dtp/PU_array/PU_instances[13].PU_mul_add/mul/mult/U0/i_mult/gDSP.gDSP_only.iDSP/inferred_dsp.reg_mult.m_reg_reg/P[47:0] is not pipelined (MREG=0). Pipelining the multiplier function will improve performance and will save significant power so it is suggested whenever possible to fully pipeline this function.  If this multiplier was inferred, it is suggested to describe an additional register stage after this function.  If there is no registered adder/accumulator following the multiply function, two pipeline stages are suggested to allow both the MREG and PREG registers to be used.  If the DSP48 was instantiated in the design, it is suggested to set both the MREG and PREG attributes to 1 when performing multiply functions.
Related violations: <none>

DPOP-4#6 Warning
MREG Output pipelining  
DSP FC_64_bd_i/FC_64_IP_0/inst/FC_64_IP_slave_lite_v1_0_S01_AXI_inst/td/dtp/PU_array/PU_instances[14].PU_mul_add/mul/mult/U0/i_mult/gDSP.gDSP_only.iDSP/inferred_dsp.reg_mult.m_reg_reg multiplier stage FC_64_bd_i/FC_64_IP_0/inst/FC_64_IP_slave_lite_v1_0_S01_AXI_inst/td/dtp/PU_array/PU_instances[14].PU_mul_add/mul/mult/U0/i_mult/gDSP.gDSP_only.iDSP/inferred_dsp.reg_mult.m_reg_reg/P[47:0] is not pipelined (MREG=0). Pipelining the multiplier function will improve performance and will save significant power so it is suggested whenever possible to fully pipeline this function.  If this multiplier was inferred, it is suggested to describe an additional register stage after this function.  If there is no registered adder/accumulator following the multiply function, two pipeline stages are suggested to allow both the MREG and PREG registers to be used.  If the DSP48 was instantiated in the design, it is suggested to set both the MREG and PREG attributes to 1 when performing multiply functions.
Related violations: <none>

DPOP-4#7 Warning
MREG Output pipelining  
DSP FC_64_bd_i/FC_64_IP_0/inst/FC_64_IP_slave_lite_v1_0_S01_AXI_inst/td/dtp/PU_array/PU_instances[15].PU_mul_add/mul/mult/U0/i_mult/gDSP.gDSP_only.iDSP/inferred_dsp.reg_mult.m_reg_reg multiplier stage FC_64_bd_i/FC_64_IP_0/inst/FC_64_IP_slave_lite_v1_0_S01_AXI_inst/td/dtp/PU_array/PU_instances[15].PU_mul_add/mul/mult/U0/i_mult/gDSP.gDSP_only.iDSP/inferred_dsp.reg_mult.m_reg_reg/P[47:0] is not pipelined (MREG=0). Pipelining the multiplier function will improve performance and will save significant power so it is suggested whenever possible to fully pipeline this function.  If this multiplier was inferred, it is suggested to describe an additional register stage after this function.  If there is no registered adder/accumulator following the multiply function, two pipeline stages are suggested to allow both the MREG and PREG registers to be used.  If the DSP48 was instantiated in the design, it is suggested to set both the MREG and PREG attributes to 1 when performing multiply functions.
Related violations: <none>

DPOP-4#8 Warning
MREG Output pipelining  
DSP FC_64_bd_i/FC_64_IP_0/inst/FC_64_IP_slave_lite_v1_0_S01_AXI_inst/td/dtp/PU_array/PU_instances[1].PU_mul_add/mul/mult/U0/i_mult/gDSP.gDSP_only.iDSP/inferred_dsp.reg_mult.m_reg_reg multiplier stage FC_64_bd_i/FC_64_IP_0/inst/FC_64_IP_slave_lite_v1_0_S01_AXI_inst/td/dtp/PU_array/PU_instances[1].PU_mul_add/mul/mult/U0/i_mult/gDSP.gDSP_only.iDSP/inferred_dsp.reg_mult.m_reg_reg/P[47:0] is not pipelined (MREG=0). Pipelining the multiplier function will improve performance and will save significant power so it is suggested whenever possible to fully pipeline this function.  If this multiplier was inferred, it is suggested to describe an additional register stage after this function.  If there is no registered adder/accumulator following the multiply function, two pipeline stages are suggested to allow both the MREG and PREG registers to be used.  If the DSP48 was instantiated in the design, it is suggested to set both the MREG and PREG attributes to 1 when performing multiply functions.
Related violations: <none>

DPOP-4#9 Warning
MREG Output pipelining  
DSP FC_64_bd_i/FC_64_IP_0/inst/FC_64_IP_slave_lite_v1_0_S01_AXI_inst/td/dtp/PU_array/PU_instances[2].PU_mul_add/mul/mult/U0/i_mult/gDSP.gDSP_only.iDSP/inferred_dsp.reg_mult.m_reg_reg multiplier stage FC_64_bd_i/FC_64_IP_0/inst/FC_64_IP_slave_lite_v1_0_S01_AXI_inst/td/dtp/PU_array/PU_instances[2].PU_mul_add/mul/mult/U0/i_mult/gDSP.gDSP_only.iDSP/inferred_dsp.reg_mult.m_reg_reg/P[47:0] is not pipelined (MREG=0). Pipelining the multiplier function will improve performance and will save significant power so it is suggested whenever possible to fully pipeline this function.  If this multiplier was inferred, it is suggested to describe an additional register stage after this function.  If there is no registered adder/accumulator following the multiply function, two pipeline stages are suggested to allow both the MREG and PREG registers to be used.  If the DSP48 was instantiated in the design, it is suggested to set both the MREG and PREG attributes to 1 when performing multiply functions.
Related violations: <none>

DPOP-4#10 Warning
MREG Output pipelining  
DSP FC_64_bd_i/FC_64_IP_0/inst/FC_64_IP_slave_lite_v1_0_S01_AXI_inst/td/dtp/PU_array/PU_instances[3].PU_mul_add/mul/mult/U0/i_mult/gDSP.gDSP_only.iDSP/inferred_dsp.reg_mult.m_reg_reg multiplier stage FC_64_bd_i/FC_64_IP_0/inst/FC_64_IP_slave_lite_v1_0_S01_AXI_inst/td/dtp/PU_array/PU_instances[3].PU_mul_add/mul/mult/U0/i_mult/gDSP.gDSP_only.iDSP/inferred_dsp.reg_mult.m_reg_reg/P[47:0] is not pipelined (MREG=0). Pipelining the multiplier function will improve performance and will save significant power so it is suggested whenever possible to fully pipeline this function.  If this multiplier was inferred, it is suggested to describe an additional register stage after this function.  If there is no registered adder/accumulator following the multiply function, two pipeline stages are suggested to allow both the MREG and PREG registers to be used.  If the DSP48 was instantiated in the design, it is suggested to set both the MREG and PREG attributes to 1 when performing multiply functions.
Related violations: <none>

DPOP-4#11 Warning
MREG Output pipelining  
DSP FC_64_bd_i/FC_64_IP_0/inst/FC_64_IP_slave_lite_v1_0_S01_AXI_inst/td/dtp/PU_array/PU_instances[4].PU_mul_add/mul/mult/U0/i_mult/gDSP.gDSP_only.iDSP/inferred_dsp.reg_mult.m_reg_reg multiplier stage FC_64_bd_i/FC_64_IP_0/inst/FC_64_IP_slave_lite_v1_0_S01_AXI_inst/td/dtp/PU_array/PU_instances[4].PU_mul_add/mul/mult/U0/i_mult/gDSP.gDSP_only.iDSP/inferred_dsp.reg_mult.m_reg_reg/P[47:0] is not pipelined (MREG=0). Pipelining the multiplier function will improve performance and will save significant power so it is suggested whenever possible to fully pipeline this function.  If this multiplier was inferred, it is suggested to describe an additional register stage after this function.  If there is no registered adder/accumulator following the multiply function, two pipeline stages are suggested to allow both the MREG and PREG registers to be used.  If the DSP48 was instantiated in the design, it is suggested to set both the MREG and PREG attributes to 1 when performing multiply functions.
Related violations: <none>

DPOP-4#12 Warning
MREG Output pipelining  
DSP FC_64_bd_i/FC_64_IP_0/inst/FC_64_IP_slave_lite_v1_0_S01_AXI_inst/td/dtp/PU_array/PU_instances[5].PU_mul_add/mul/mult/U0/i_mult/gDSP.gDSP_only.iDSP/inferred_dsp.reg_mult.m_reg_reg multiplier stage FC_64_bd_i/FC_64_IP_0/inst/FC_64_IP_slave_lite_v1_0_S01_AXI_inst/td/dtp/PU_array/PU_instances[5].PU_mul_add/mul/mult/U0/i_mult/gDSP.gDSP_only.iDSP/inferred_dsp.reg_mult.m_reg_reg/P[47:0] is not pipelined (MREG=0). Pipelining the multiplier function will improve performance and will save significant power so it is suggested whenever possible to fully pipeline this function.  If this multiplier was inferred, it is suggested to describe an additional register stage after this function.  If there is no registered adder/accumulator following the multiply function, two pipeline stages are suggested to allow both the MREG and PREG registers to be used.  If the DSP48 was instantiated in the design, it is suggested to set both the MREG and PREG attributes to 1 when performing multiply functions.
Related violations: <none>

DPOP-4#13 Warning
MREG Output pipelining  
DSP FC_64_bd_i/FC_64_IP_0/inst/FC_64_IP_slave_lite_v1_0_S01_AXI_inst/td/dtp/PU_array/PU_instances[6].PU_mul_add/mul/mult/U0/i_mult/gDSP.gDSP_only.iDSP/inferred_dsp.reg_mult.m_reg_reg multiplier stage FC_64_bd_i/FC_64_IP_0/inst/FC_64_IP_slave_lite_v1_0_S01_AXI_inst/td/dtp/PU_array/PU_instances[6].PU_mul_add/mul/mult/U0/i_mult/gDSP.gDSP_only.iDSP/inferred_dsp.reg_mult.m_reg_reg/P[47:0] is not pipelined (MREG=0). Pipelining the multiplier function will improve performance and will save significant power so it is suggested whenever possible to fully pipeline this function.  If this multiplier was inferred, it is suggested to describe an additional register stage after this function.  If there is no registered adder/accumulator following the multiply function, two pipeline stages are suggested to allow both the MREG and PREG registers to be used.  If the DSP48 was instantiated in the design, it is suggested to set both the MREG and PREG attributes to 1 when performing multiply functions.
Related violations: <none>

DPOP-4#14 Warning
MREG Output pipelining  
DSP FC_64_bd_i/FC_64_IP_0/inst/FC_64_IP_slave_lite_v1_0_S01_AXI_inst/td/dtp/PU_array/PU_instances[7].PU_mul_add/mul/mult/U0/i_mult/gDSP.gDSP_only.iDSP/inferred_dsp.reg_mult.m_reg_reg multiplier stage FC_64_bd_i/FC_64_IP_0/inst/FC_64_IP_slave_lite_v1_0_S01_AXI_inst/td/dtp/PU_array/PU_instances[7].PU_mul_add/mul/mult/U0/i_mult/gDSP.gDSP_only.iDSP/inferred_dsp.reg_mult.m_reg_reg/P[47:0] is not pipelined (MREG=0). Pipelining the multiplier function will improve performance and will save significant power so it is suggested whenever possible to fully pipeline this function.  If this multiplier was inferred, it is suggested to describe an additional register stage after this function.  If there is no registered adder/accumulator following the multiply function, two pipeline stages are suggested to allow both the MREG and PREG registers to be used.  If the DSP48 was instantiated in the design, it is suggested to set both the MREG and PREG attributes to 1 when performing multiply functions.
Related violations: <none>

DPOP-4#15 Warning
MREG Output pipelining  
DSP FC_64_bd_i/FC_64_IP_0/inst/FC_64_IP_slave_lite_v1_0_S01_AXI_inst/td/dtp/PU_array/PU_instances[8].PU_mul_add/mul/mult/U0/i_mult/gDSP.gDSP_only.iDSP/inferred_dsp.reg_mult.m_reg_reg multiplier stage FC_64_bd_i/FC_64_IP_0/inst/FC_64_IP_slave_lite_v1_0_S01_AXI_inst/td/dtp/PU_array/PU_instances[8].PU_mul_add/mul/mult/U0/i_mult/gDSP.gDSP_only.iDSP/inferred_dsp.reg_mult.m_reg_reg/P[47:0] is not pipelined (MREG=0). Pipelining the multiplier function will improve performance and will save significant power so it is suggested whenever possible to fully pipeline this function.  If this multiplier was inferred, it is suggested to describe an additional register stage after this function.  If there is no registered adder/accumulator following the multiply function, two pipeline stages are suggested to allow both the MREG and PREG registers to be used.  If the DSP48 was instantiated in the design, it is suggested to set both the MREG and PREG attributes to 1 when performing multiply functions.
Related violations: <none>

DPOP-4#16 Warning
MREG Output pipelining  
DSP FC_64_bd_i/FC_64_IP_0/inst/FC_64_IP_slave_lite_v1_0_S01_AXI_inst/td/dtp/PU_array/PU_instances[9].PU_mul_add/mul/mult/U0/i_mult/gDSP.gDSP_only.iDSP/inferred_dsp.reg_mult.m_reg_reg multiplier stage FC_64_bd_i/FC_64_IP_0/inst/FC_64_IP_slave_lite_v1_0_S01_AXI_inst/td/dtp/PU_array/PU_instances[9].PU_mul_add/mul/mult/U0/i_mult/gDSP.gDSP_only.iDSP/inferred_dsp.reg_mult.m_reg_reg/P[47:0] is not pipelined (MREG=0). Pipelining the multiplier function will improve performance and will save significant power so it is suggested whenever possible to fully pipeline this function.  If this multiplier was inferred, it is suggested to describe an additional register stage after this function.  If there is no registered adder/accumulator following the multiply function, two pipeline stages are suggested to allow both the MREG and PREG registers to be used.  If the DSP48 was instantiated in the design, it is suggested to set both the MREG and PREG attributes to 1 when performing multiply functions.
Related violations: <none>


